src/components/dashboard-header-controls.tsx(36,35): error TS18048: 'firstClub' is possibly 'undefined'.
src/components/dashboard-header-controls.tsx(48,38): error TS2532: Object is possibly 'undefined'.
src/components/dashboard-header-controls.tsx(62,35): error TS2532: Object is possibly 'undefined'.
src/components/dashboard-header-controls.tsx(156,49): error TS2339: Property 'id' does not exist on type '{ name: string; id: string; sportId: string; } | { name: string; }'.
  Property 'id' does not exist on type '{ name: string; }'.
src/components/dashboard-header-controls.tsx(443,21): error TS2345: Argument of type 'RefObject<HTMLDivElement | null>' is not assignable to parameter of type 'RefObject<HTMLElement>'.
  Type 'HTMLDivElement | null' is not assignable to type 'HTMLElement'.
    Type 'null' is not assignable to type 'HTMLElement'.
src/components/dashboard-header-controls.tsx(528,21): error TS2345: Argument of type 'RefObject<HTMLDivElement | null>' is not assignable to parameter of type 'RefObject<HTMLElement>'.
  Type 'HTMLDivElement | null' is not assignable to type 'HTMLElement'.
    Type 'null' is not assignable to type 'HTMLElement'.
